GowinSynthesis start
Running parser ...
Analyzing Verilog file '/home/mateo/Documents/octavo/puzzlebot-pallet-loader/src/fpga_lifter_bridge/verilog/fpga_lifter_logic/src/forklift_controller.v'
Compiling module 'forklift_controller'("/home/mateo/Documents/octavo/puzzlebot-pallet-loader/src/fpga_lifter_bridge/verilog/fpga_lifter_logic/src/forklift_controller.v":1)
NOTE  (EX0101) : Current top module is "forklift_controller"
[5%] Running netlist conversion ...
WARN  (CV0016) : Input enc_a is unused("/home/mateo/Documents/octavo/puzzlebot-pallet-loader/src/fpga_lifter_bridge/verilog/fpga_lifter_logic/src/forklift_controller.v":17)
WARN  (CV0016) : Input enc_b is unused("/home/mateo/Documents/octavo/puzzlebot-pallet-loader/src/fpga_lifter_bridge/verilog/fpga_lifter_logic/src/forklift_controller.v":18)
Running device independent optimization ...
[10%] Optimizing Phase 0 completed
[15%] Optimizing Phase 1 completed
[25%] Optimizing Phase 2 completed
Running inference ...
[30%] Inferring Phase 0 completed
[40%] Inferring Phase 1 completed
[50%] Inferring Phase 2 completed
[55%] Inferring Phase 3 completed
Running technical mapping ...
[60%] Tech-Mapping Phase 0 completed
[65%] Tech-Mapping Phase 1 completed
[75%] Tech-Mapping Phase 2 completed
[80%] Tech-Mapping Phase 3 completed
[90%] Tech-Mapping Phase 4 completed
[95%] Generate netlist file "/home/mateo/Documents/octavo/puzzlebot-pallet-loader/src/fpga_lifter_bridge/verilog/fpga_lifter_logic/impl/gwsynthesis/fpga_lifter_logic.vg" completed
[100%] Generate report file "/home/mateo/Documents/octavo/puzzlebot-pallet-loader/src/fpga_lifter_bridge/verilog/fpga_lifter_logic/impl/gwsynthesis/fpga_lifter_logic_syn.rpt.html" completed
GowinSynthesis finish
