Reading netlist file: "/home/mateo/Documents/octavo/puzzlebot-pallet-loader/src/fpga_lifter_bridge/verilog/fpga_lifter_logic/impl/gwsynthesis/fpga_lifter_logic.vg"
Parsing netlist file "/home/mateo/Documents/octavo/puzzlebot-pallet-loader/src/fpga_lifter_bridge/verilog/fpga_lifter_logic/impl/gwsynthesis/fpga_lifter_logic.vg" completed
Processing netlist completed
Reading constraint file: "/home/mateo/Documents/octavo/puzzlebot-pallet-loader/src/fpga_lifter_bridge/verilog/fpga_lifter_logic/src/forklift_controller_tangnano20k.cst"
Physical Constraint parsed completed
Running placement......
[10%] Placement Phase 0 completed
[20%] Placement Phase 1 completed
[30%] Placement Phase 2 completed
WARN  (TA1132) :  'clk' was determined to be a clock but was not created.
[50%] Placement Phase 3 completed
Running routing......
[60%] Routing Phase 0 completed
[70%] Routing Phase 1 completed
[80%] Routing Phase 2 completed
WARN  (PR1014) : Generic routing resource will be used to clock signal 'clk_d' by the specified constraint. And then it may lead to the excessive delay or skew
[90%] Routing Phase 3 completed
Running timing analysis......
[95%] Timing analysis completed
Placement and routing completed
Bitstream generation in progress......
Bitstream generation completed
Running power analysis......
[100%] Power analysis completed
Generate file "/home/mateo/Documents/octavo/puzzlebot-pallet-loader/src/fpga_lifter_bridge/verilog/fpga_lifter_logic/impl/pnr/fpga_lifter_logic.power.html" completed
Generate file "/home/mateo/Documents/octavo/puzzlebot-pallet-loader/src/fpga_lifter_bridge/verilog/fpga_lifter_logic/impl/pnr/fpga_lifter_logic.pin.html" completed
Generate file "/home/mateo/Documents/octavo/puzzlebot-pallet-loader/src/fpga_lifter_bridge/verilog/fpga_lifter_logic/impl/pnr/fpga_lifter_logic.rpt.html" completed
Generate file "/home/mateo/Documents/octavo/puzzlebot-pallet-loader/src/fpga_lifter_bridge/verilog/fpga_lifter_logic/impl/pnr/fpga_lifter_logic.rpt.txt" completed
Generate file "/home/mateo/Documents/octavo/puzzlebot-pallet-loader/src/fpga_lifter_bridge/verilog/fpga_lifter_logic/impl/pnr/fpga_lifter_logic.tr.html" completed
Wed Jun  3 14:59:17 2026

